// Jest Snapshot v1, https://goo.gl/fbAQLP

exports[`renders correctly 1`] = `
<section
  className="quotes w-100 p-5"
>
  <li
    className="d-flex my-5 justify-content-center align-items-center"
  >
    <div
      className="image rounded-circle"
    >
      <img
        alt="Card cap"
        className="w-100 h-100 rounded-circle"
        src="alber.jpg"
      />
    </div>
    <div
      className="p-quotes"
    >
      <ol>
        <li>
          Pure mathematics is, in its way, the poetry of logical ideas.
        </li>
        <li>
          Without mathematics, there’s nothing you can do. Everything around you is mathematics. Everything around you is numbers.
        </li>
        <li>
          Mathematics is the most beautiful and most powerful creation of the human spirit.
        </li>
      </ol>
      <p>
        Albert Einstein, German theoretical physicist
      </p>
    </div>
  </li>
  <li
    className="d-flex my-5 justify-content-center align-items-center"
  >
    <div
      className="image rounded-circle"
    >
      <img
        alt="Card cap"
        className="w-100 h-100 rounded-circle"
        src="sofia.jpg"
      />
    </div>
    <div
      className="p-quotes"
    >
      <ol>
        <li>
          A mathematician who is not also something of a poet will never be a complete mathematician.
        </li>
        <li>
          Without mathematics, there’s nothing you can do. Everything around you is mathematics. Everything around you is numbers.
        </li>
        <li>
          Mathematics is the most beautiful and most powerful creation of the human spirit.
        </li>
      </ol>
      <p>
        Sofia Kovalevskaya.
      </p>
    </div>
  </li>
</section>
`;
